

================================================================
== Vitis HLS Report for 'cfu_hls_Pipeline_POWER_LOOP'
================================================================
* Date:           Sun Mar 15 11:48:32 2026

* Version:        2024.2 (Build 5238294 on Nov  8 2024)
* Project:        vitis
* Solution:       hls (Vivado IP Flow Target)
* Product family: artix7
* Target device:  xc7a35t-csg324-1


================================================================
== Performance Estimates
================================================================
+ Timing: 
    * Summary: 
    +--------+---------+----------+------------+
    |  Clock |  Target | Estimated| Uncertainty|
    +--------+---------+----------+------------+
    |ap_clk  |  5.56 ns|  5.347 ns|     1.50 ns|
    +--------+---------+----------+------------+

+ Latency: 
    * Summary: 
    +---------+---------+----------+----------+------+------+------------------------------------------------+
    |  Latency (cycles) |  Latency (absolute) |   Interval  |                    Pipeline                    |
    |   min   |   max   |    min   |    max   |  min |  max |                      Type                      |
    +---------+---------+----------+----------+------+------+------------------------------------------------+
    |     1034|     1034|  5.745 us|  5.745 us|  1026|  1026|  loop auto-rewind stp (delay=0 clock cycles(s))|
    +---------+---------+----------+----------+------+------+------------------------------------------------+

    + Detail: 
        * Instance: 
        N/A

        * Loop: 
        +--------------+---------+---------+----------+-----------+-----------+------+----------+
        |              |  Latency (cycles) | Iteration|  Initiation Interval  | Trip |          |
        |   Loop Name  |   min   |   max   |  Latency |  achieved |   target  | Count| Pipelined|
        +--------------+---------+---------+----------+-----------+-----------+------+----------+
        |- POWER_LOOP  |     1032|     1032|         9|          1|          1|  1025|       yes|
        +--------------+---------+---------+----------+-----------+-----------+------+----------+



================================================================
== Utilization Estimates
================================================================
* Summary: 
+-----------------+---------+----+-------+-------+-----+
|       Name      | BRAM_18K| DSP|   FF  |  LUT  | URAM|
+-----------------+---------+----+-------+-------+-----+
|DSP              |        -|   -|      -|      -|    -|
|Expression       |        -|   -|      0|    103|    -|
|FIFO             |        -|   -|      -|      -|    -|
|Instance         |        -|   8|    430|      2|    -|
|Memory           |        -|   -|      -|      -|    -|
|Multiplexer      |        -|   -|      0|     36|    -|
|Register         |        -|   -|    315|     32|    -|
+-----------------+---------+----+-------+-------+-----+
|Total            |        0|   8|    745|    173|    0|
+-----------------+---------+----+-------+-------+-----+
|Available        |      100|  90|  41600|  20800|    0|
+-----------------+---------+----+-------+-------+-----+
|Utilization (%)  |        0|   8|      1|     ~0|    0|
+-----------------+---------+----+-------+-------+-----+

+ Detail: 
    * Instance: 
    +------------------------+--------------------+---------+----+-----+----+-----+
    |        Instance        |       Module       | BRAM_18K| DSP|  FF | LUT| URAM|
    +------------------------+--------------------+---------+----+-----+----+-----+
    |mul_32s_32s_58_5_1_U21  |mul_32s_32s_58_5_1  |        0|   4|  215|   1|    0|
    |mul_32s_32s_58_5_1_U22  |mul_32s_32s_58_5_1  |        0|   4|  215|   1|    0|
    +------------------------+--------------------+---------+----+-----+----+-----+
    |Total                   |                    |        0|   8|  430|   2|    0|
    +------------------------+--------------------+---------+----+-----+----+-----+

    * DSP: 
    N/A

    * Memory: 
    N/A

    * FIFO: 
    N/A

    * Expression: 
    +----------------------+----------+----+---+----+------------+------------+
    |     Variable Name    | Operation| DSP| FF| LUT| Bitwidth P0| Bitwidth P1|
    +----------------------+----------+----+---+----+------------+------------+
    |add_ln118_fu_109_p2   |         +|   0|  0|  18|          11|           1|
    |pwr_fu_136_p2         |         +|   0|  0|  65|          58|          58|
    |icmp_ln118_fu_103_p2  |      icmp|   0|  0|  18|          11|          11|
    |ap_enable_pp0         |       xor|   0|  0|   2|           1|           2|
    +----------------------+----------+----+---+----+------------+------------+
    |Total                 |          |   0|  0| 103|          81|          72|
    +----------------------+----------+----+---+----+------------+------------+

    * Multiplexer: 
    +-------------------------+----+-----------+-----+-----------+
    |           Name          | LUT| Input Size| Bits| Total Bits|
    +-------------------------+----+-----------+-----+-----------+
    |ap_done_int              |   9|          2|    1|          2|
    |ap_enable_reg_pp0_iter1  |   9|          2|    1|          2|
    |ap_sig_allocacmp_k_1     |   9|          2|   11|         22|
    |k_fu_44                  |   9|          2|   11|         22|
    +-------------------------+----+-----------+-----+-----------+
    |Total                    |  36|          8|   24|         48|
    +-------------------------+----+-----------+-----+-----------+

    * Register: 
    +----------------------------------+----+----+-----+-----------+
    |               Name               | FF | LUT| Bits| Const Bits|
    +----------------------------------+----+----+-----+-----------+
    |ap_CS_fsm                         |   1|   0|    1|          0|
    |ap_done_reg                       |   1|   0|    1|          0|
    |ap_enable_reg_pp0_iter1           |   1|   0|    1|          0|
    |ap_enable_reg_pp0_iter2           |   1|   0|    1|          0|
    |ap_enable_reg_pp0_iter3           |   1|   0|    1|          0|
    |ap_enable_reg_pp0_iter4           |   1|   0|    1|          0|
    |ap_enable_reg_pp0_iter5           |   1|   0|    1|          0|
    |ap_enable_reg_pp0_iter6           |   1|   0|    1|          0|
    |ap_enable_reg_pp0_iter7           |   1|   0|    1|          0|
    |ap_enable_reg_pp0_iter8           |   1|   0|    1|          0|
    |ap_loop_exit_ready_pp0_iter1_reg  |   1|   0|    1|          0|
    |ap_loop_exit_ready_pp0_iter2_reg  |   1|   0|    1|          0|
    |ap_loop_exit_ready_pp0_iter3_reg  |   1|   0|    1|          0|
    |ap_loop_exit_ready_pp0_iter4_reg  |   1|   0|    1|          0|
    |ap_loop_exit_ready_pp0_iter5_reg  |   1|   0|    1|          0|
    |ap_loop_exit_ready_pp0_iter6_reg  |   1|   0|    1|          0|
    |ap_loop_exit_ready_pp0_iter7_reg  |   1|   0|    1|          0|
    |im_reg_181                        |  32|   0|   32|          0|
    |k_fu_44                           |  11|   0|   11|          0|
    |mul_ln122_1_reg_203               |  58|   0|   58|          0|
    |mul_ln122_reg_198                 |  58|   0|   58|          0|
    |r_reg_176                         |  32|   0|   32|          0|
    |trunc_ln8_reg_208                 |  32|   0|   32|          0|
    |zext_ln118_reg_161                |  11|   0|   64|         53|
    |zext_ln118_reg_161                |  64|  32|   64|         53|
    +----------------------------------+----+----+-----+-----------+
    |Total                             | 315|  32|  368|        106|
    +----------------------------------+----+----+-----+-----------+



================================================================
== Interface
================================================================
* Summary: 
+--------------------+-----+-----+------------+-----------------------------+--------------+
|      RTL Ports     | Dir | Bits|  Protocol  |        Source Object        |    C Type    |
+--------------------+-----+-----+------------+-----------------------------+--------------+
|ap_clk              |   in|    1|  ap_ctrl_hs|  cfu_hls_Pipeline_POWER_LOOP|  return value|
|ap_start            |   in|    1|  ap_ctrl_hs|  cfu_hls_Pipeline_POWER_LOOP|  return value|
|ap_done             |  out|    1|  ap_ctrl_hs|  cfu_hls_Pipeline_POWER_LOOP|  return value|
|ap_idle             |  out|    1|  ap_ctrl_hs|  cfu_hls_Pipeline_POWER_LOOP|  return value|
|ap_ready            |  out|    1|  ap_ctrl_hs|  cfu_hls_Pipeline_POWER_LOOP|  return value|
|real_buf_address0   |  out|   11|   ap_memory|                     real_buf|         array|
|real_buf_ce0        |  out|    1|   ap_memory|                     real_buf|         array|
|real_buf_q0         |   in|   32|   ap_memory|                     real_buf|         array|
|imag_buf_address0   |  out|   11|   ap_memory|                     imag_buf|         array|
|imag_buf_ce0        |  out|    1|   ap_memory|                     imag_buf|         array|
|imag_buf_q0         |   in|   32|   ap_memory|                     imag_buf|         array|
|power_buf_address0  |  out|   11|   ap_memory|                    power_buf|         array|
|power_buf_ce0       |  out|    1|   ap_memory|                    power_buf|         array|
|power_buf_we0       |  out|    1|   ap_memory|                    power_buf|         array|
|power_buf_d0        |  out|   32|   ap_memory|                    power_buf|         array|
+--------------------+-----+-----+------------+-----------------------------+--------------+

