

================================================================
== Vitis HLS Report for 'cfu_hls_Pipeline_HANN_LOOP'
================================================================
* Date:           Sun Mar 15 11:48:31 2026

* Version:        2024.2 (Build 5238294 on Nov  8 2024)
* Project:        vitis
* Solution:       hls (Vivado IP Flow Target)
* Product family: artix7
* Target device:  xc7a35t-csg324-1


================================================================
== Performance Estimates
================================================================
+ Timing: 
    * Summary: 
    +--------+---------+----------+------------+
    |  Clock |  Target | Estimated| Uncertainty|
    +--------+---------+----------+------------+
    |ap_clk  |  5.56 ns|  5.351 ns|     1.50 ns|
    +--------+---------+----------+------------+

+ Latency: 
    * Summary: 
    +---------+---------+-----------+-----------+------+------+------------------------------------------------+
    |  Latency (cycles) |   Latency (absolute)  |   Interval  |                    Pipeline                    |
    |   min   |   max   |    min    |    max    |  min |  max |                      Type                      |
    +---------+---------+-----------+-----------+------+------+------------------------------------------------+
    |     2056|     2056|  11.423 us|  11.423 us|  2049|  2049|  loop auto-rewind stp (delay=0 clock cycles(s))|
    +---------+---------+-----------+-----------+------+------+------------------------------------------------+

    + Detail: 
        * Instance: 
        N/A

        * Loop: 
        +-------------+---------+---------+----------+-----------+-----------+------+----------+
        |             |  Latency (cycles) | Iteration|  Initiation Interval  | Trip |          |
        |  Loop Name  |   min   |   max   |  Latency |  achieved |   target  | Count| Pipelined|
        +-------------+---------+---------+----------+-----------+-----------+------+----------+
        |- HANN_LOOP  |     2054|     2054|         8|          1|          1|  2048|       yes|
        +-------------+---------+---------+----------+-----------+-----------+------+----------+



================================================================
== Utilization Estimates
================================================================
* Summary: 
+-----------------+---------+----+-------+-------+-----+
|       Name      | BRAM_18K| DSP|   FF  |  LUT  | URAM|
+-----------------+---------+----+-------+-------+-----+
|DSP              |        -|   -|      -|      -|    -|
|Expression       |        -|   -|      0|     41|    -|
|FIFO             |        -|   -|      -|      -|    -|
|Instance         |        -|   2|    215|      1|    -|
|Memory           |        2|   -|      0|      0|    -|
|Multiplexer      |        -|   -|      0|     36|    -|
|Register         |        -|   -|    184|     32|    -|
+-----------------+---------+----+-------+-------+-----+
|Total            |        2|   2|    399|    110|    0|
+-----------------+---------+----+-------+-------+-----+
|Available        |      100|  90|  41600|  20800|    0|
+-----------------+---------+----+-------+-------+-----+
|Utilization (%)  |        2|   2|     ~0|     ~0|    0|
+-----------------+---------+----+-------+-------+-----+

+ Detail: 
    * Instance: 
    +------------------------+---------------------+---------+----+-----+----+-----+
    |        Instance        |        Module       | BRAM_18K| DSP|  FF | LUT| URAM|
    +------------------------+---------------------+---------+----+-----+----+-----+
    |mul_17ns_32s_48_5_1_U1  |mul_17ns_32s_48_5_1  |        0|   2|  215|   1|    0|
    +------------------------+---------------------+---------+----+-----+----+-----+
    |Total                   |                     |        0|   2|  215|   1|    0|
    +------------------------+---------------------+---------+----+-----+----+-----+

    * DSP: 
    N/A

    * Memory: 
    +---------------------+----------------------------------------------------------+---------+---+----+-----+------+-----+------+-------------+
    |        Memory       |                          Module                          | BRAM_18K| FF| LUT| URAM| Words| Bits| Banks| W*Bits*Banks|
    +---------------------+----------------------------------------------------------+---------+---+----+-----+------+-----+------+-------------+
    |hann_window_fixed_U  |cfu_hls_Pipeline_HANN_LOOP_hann_window_fixed_ROM_AUTO_1R  |        2|  0|   0|    0|  2048|   17|     1|        34816|
    +---------------------+----------------------------------------------------------+---------+---+----+-----+------+-----+------+-------------+
    |Total                |                                                          |        2|  0|   0|    0|  2048|   17|     1|        34816|
    +---------------------+----------------------------------------------------------+---------+---+----+-----+------+-----+------+-------------+

    * FIFO: 
    N/A

    * Expression: 
    +---------------------+----------+----+---+----+------------+------------+
    |    Variable Name    | Operation| DSP| FF| LUT| Bitwidth P0| Bitwidth P1|
    +---------------------+----------+----+---+----+------------+------------+
    |add_ln55_fu_129_p2   |         +|   0|  0|  19|          12|           1|
    |icmp_ln55_fu_123_p2  |      icmp|   0|  0|  20|          12|          13|
    |ap_enable_pp0        |       xor|   0|  0|   2|           1|           2|
    +---------------------+----------+----+---+----+------------+------------+
    |Total                |          |   0|  0|  41|          25|          16|
    +---------------------+----------+----+---+----+------------+------------+

    * Multiplexer: 
    +-------------------------+----+-----------+-----+-----------+
    |           Name          | LUT| Input Size| Bits| Total Bits|
    +-------------------------+----+-----------+-----+-----------+
    |ap_done_int              |   9|          2|    1|          2|
    |ap_enable_reg_pp0_iter1  |   9|          2|    1|          2|
    |ap_sig_allocacmp_i_1     |   9|          2|   12|         24|
    |i_fu_46                  |   9|          2|   12|         24|
    +-------------------------+----+-----------+-----+-----------+
    |Total                    |  36|          8|   26|         52|
    +-------------------------+----+-----------+-----+-----------+

    * Register: 
    +----------------------------------+----+----+-----+-----------+
    |               Name               | FF | LUT| Bits| Const Bits|
    +----------------------------------+----+----+-----+-----------+
    |ap_CS_fsm                         |   1|   0|    1|          0|
    |ap_done_reg                       |   1|   0|    1|          0|
    |ap_enable_reg_pp0_iter1           |   1|   0|    1|          0|
    |ap_enable_reg_pp0_iter2           |   1|   0|    1|          0|
    |ap_enable_reg_pp0_iter3           |   1|   0|    1|          0|
    |ap_enable_reg_pp0_iter4           |   1|   0|    1|          0|
    |ap_enable_reg_pp0_iter5           |   1|   0|    1|          0|
    |ap_enable_reg_pp0_iter6           |   1|   0|    1|          0|
    |ap_enable_reg_pp0_iter7           |   1|   0|    1|          0|
    |ap_loop_exit_ready_pp0_iter1_reg  |   1|   0|    1|          0|
    |ap_loop_exit_ready_pp0_iter2_reg  |   1|   0|    1|          0|
    |ap_loop_exit_ready_pp0_iter3_reg  |   1|   0|    1|          0|
    |ap_loop_exit_ready_pp0_iter4_reg  |   1|   0|    1|          0|
    |ap_loop_exit_ready_pp0_iter5_reg  |   1|   0|    1|          0|
    |ap_loop_exit_ready_pp0_iter6_reg  |   1|   0|    1|          0|
    |frame_buf_load_reg_191            |  32|   0|   32|          0|
    |hann_window_fixed_load_reg_196    |  17|   0|   17|          0|
    |i_fu_46                           |  12|   0|   12|          0|
    |trunc_ln1_reg_211                 |  32|   0|   32|          0|
    |zext_ln55_reg_175                 |  12|   0|   64|         52|
    |zext_ln55_reg_175                 |  64|  32|   64|         52|
    +----------------------------------+----+----+-----+-----------+
    |Total                             | 184|  32|  236|        104|
    +----------------------------------+----+----+-----+-----------+



================================================================
== Interface
================================================================
* Summary: 
+--------------------+-----+-----+------------+----------------------------+--------------+
|      RTL Ports     | Dir | Bits|  Protocol  |        Source Object       |    C Type    |
+--------------------+-----+-----+------------+----------------------------+--------------+
|ap_clk              |   in|    1|  ap_ctrl_hs|  cfu_hls_Pipeline_HANN_LOOP|  return value|
|ap_start            |   in|    1|  ap_ctrl_hs|  cfu_hls_Pipeline_HANN_LOOP|  return value|
|ap_done             |  out|    1|  ap_ctrl_hs|  cfu_hls_Pipeline_HANN_LOOP|  return value|
|ap_idle             |  out|    1|  ap_ctrl_hs|  cfu_hls_Pipeline_HANN_LOOP|  return value|
|ap_ready            |  out|    1|  ap_ctrl_hs|  cfu_hls_Pipeline_HANN_LOOP|  return value|
|frame_buf_address0  |  out|   11|   ap_memory|                   frame_buf|         array|
|frame_buf_ce0       |  out|    1|   ap_memory|                   frame_buf|         array|
|frame_buf_q0        |   in|   32|   ap_memory|                   frame_buf|         array|
|real_buf_address1   |  out|   11|   ap_memory|                    real_buf|         array|
|real_buf_ce1        |  out|    1|   ap_memory|                    real_buf|         array|
|real_buf_we1        |  out|    1|   ap_memory|                    real_buf|         array|
|real_buf_d1         |  out|   32|   ap_memory|                    real_buf|         array|
|imag_buf_address1   |  out|   11|   ap_memory|                    imag_buf|         array|
|imag_buf_ce1        |  out|    1|   ap_memory|                    imag_buf|         array|
|imag_buf_we1        |  out|    1|   ap_memory|                    imag_buf|         array|
|imag_buf_d1         |  out|   32|   ap_memory|                    imag_buf|         array|
+--------------------+-----+-----+------------+----------------------------+--------------+

