

================================================================
== Vitis HLS Report for 'cfu_hls_Pipeline_FFT_STAGE_FFT_BUTTERFLY'
================================================================
* Date:           Sun Mar 15 11:48:31 2026

* Version:        2024.2 (Build 5238294 on Nov  8 2024)
* Project:        vitis
* Solution:       hls (Vivado IP Flow Target)
* Product family: artix7
* Target device:  xc7a35t-csg324-1


================================================================
== Performance Estimates
================================================================
+ Timing: 
    * Summary: 
    +--------+---------+----------+------------+
    |  Clock |  Target | Estimated| Uncertainty|
    +--------+---------+----------+------------+
    |ap_clk  |  5.56 ns|  6.604 ns|     1.50 ns|
    +--------+---------+----------+------------+

+ Latency: 
    * Summary: 
    +---------+---------+----------+----------+-------+-------+------------------------------------------------+
    |  Latency (cycles) |  Latency (absolute) |    Interval   |                    Pipeline                    |
    |   min   |   max   |    min   |    max   |  min  |  max  |                      Type                      |
    +---------+---------+----------+----------+-------+-------+------------------------------------------------+
    |    22543|    22543|  0.149 ms|  0.149 ms|  22530|  22530|  loop auto-rewind stp (delay=0 clock cycles(s))|
    +---------+---------+----------+----------+-------+-------+------------------------------------------------+

    + Detail: 
        * Instance: 
        N/A

        * Loop: 
        +---------------------------+---------+---------+----------+-----------+-----------+-------+----------+
        |                           |  Latency (cycles) | Iteration|  Initiation Interval  |  Trip |          |
        |         Loop Name         |   min   |   max   |  Latency |  achieved |   target  | Count | Pipelined|
        +---------------------------+---------+---------+----------+-----------+-----------+-------+----------+
        |- FFT_STAGE_FFT_BUTTERFLY  |    22541|    22541|        16|          2|          1|  11264|       yes|
        +---------------------------+---------+---------+----------+-----------+-----------+-------+----------+



================================================================
== Utilization Estimates
================================================================
* Summary: 
+-----------------+---------+----+-------+-------+-----+
|       Name      | BRAM_18K| DSP|   FF  |  LUT  | URAM|
+-----------------+---------+----+-------+-------+-----+
|DSP              |        -|   -|      -|      -|    -|
|Expression       |        -|   -|      0|    560|    -|
|FIFO             |        -|   -|      -|      -|    -|
|Instance         |        -|   8|    986|    139|    -|
|Memory           |        2|   -|      0|      0|    -|
|Multiplexer      |        -|   -|      0|    172|    -|
|Register         |        -|   -|    723|    128|    -|
+-----------------+---------+----+-------+-------+-----+
|Total            |        2|   8|   1709|    999|    0|
+-----------------+---------+----+-------+-------+-----+
|Available        |      100|  90|  41600|  20800|    0|
+-----------------+---------+----+-------+-------+-----+
|Utilization (%)  |        2|   8|      4|      4|    0|
+-----------------+---------+----+-------+-------+-----+

+ Detail: 
    * Instance: 
    +------------------------+--------------------+---------+----+-----+-----+-----+
    |        Instance        |       Module       | BRAM_18K| DSP|  FF | LUT | URAM|
    +------------------------+--------------------+---------+----+-----+-----+-----+
    |mul_10s_10s_10_5_1_U13  |mul_10s_10s_10_5_1  |        0|   0|  126|  135|    0|
    |mul_32s_17s_48_5_1_U9   |mul_32s_17s_48_5_1  |        0|   2|  215|    1|    0|
    |mul_32s_17s_48_5_1_U10  |mul_32s_17s_48_5_1  |        0|   2|  215|    1|    0|
    |mul_32s_18s_48_5_1_U11  |mul_32s_18s_48_5_1  |        0|   2|  215|    1|    0|
    |mul_32s_18s_48_5_1_U12  |mul_32s_18s_48_5_1  |        0|   2|  215|    1|    0|
    +------------------------+--------------------+---------+----+-----+-----+-----+
    |Total                   |                    |        0|   8|  986|  139|    0|
    +------------------------+--------------------+---------+----+-----+-----+-----+

    * DSP: 
    N/A

    * Memory: 
    +-------------------+----------------------------------------------------------------------+---------+---+----+-----+------+-----+------+-------------+
    |       Memory      |                                Module                                | BRAM_18K| FF| LUT| URAM| Words| Bits| Banks| W*Bits*Banks|
    +-------------------+----------------------------------------------------------------------+---------+---+----+-----+------+-----+------+-------------+
    |cos_table_fixed_U  |cfu_hls_Pipeline_FFT_STAGE_FFT_BUTTERFLY_cos_table_fixed_ROM_AUTO_1R  |        1|  0|   0|    0|  1024|   18|     1|        18432|
    |sin_table_fixed_U  |cfu_hls_Pipeline_FFT_STAGE_FFT_BUTTERFLY_sin_table_fixed_ROM_AUTO_1R  |        1|  0|   0|    0|  1024|   17|     1|        17408|
    +-------------------+----------------------------------------------------------------------+---------+---+----+-----+------+-----+------+-------------+
    |Total              |                                                                      |        2|  0|   0|    0|  2048|   35|     2|        35840|
    +-------------------+----------------------------------------------------------------------+---------+---+----+-----+------+-----+------+-------------+

    * FIFO: 
    N/A

    * Expression: 
    +------------------------------------+----------+----+---+----+------------+------------+
    |            Variable Name           | Operation| DSP| FF| LUT| Bitwidth P0| Bitwidth P1|
    +------------------------------------+----------+----+---+----+------------+------------+
    |add_ln111_fu_467_p2                 |         +|   0|  0|  39|          32|          32|
    |add_ln112_fu_472_p2                 |         +|   0|  0|  39|          32|          32|
    |add_ln88_fu_204_p2                  |         +|   0|  0|  21|          14|           1|
    |idx2_fu_362_p2                      |         +|   0|  0|  18|          11|          11|
    |k_fu_288_p2                         |         +|   0|  0|  18|          11|           1|
    |stage_13_fu_222_p2                  |         +|   0|  0|  13|           4|           1|
    |stage_1_mid1_fu_234_p2              |         +|   0|  0|  13|           4|           2|
    |sub_fu_268_p2                       |         +|   0|  0|  17|          10|           2|
    |ti_fu_449_p2                        |         +|   0|  0|  39|          32|          32|
    |sub_ln109_fu_455_p2                 |         -|   0|  0|  39|          32|          32|
    |sub_ln110_fu_461_p2                 |         -|   0|  0|  39|          32|          32|
    |tr_fu_423_p2                        |         -|   0|  0|  39|          32|          32|
    |ap_enable_state13_pp0_iter6_stage0  |       and|   0|  0|   2|           1|           1|
    |ap_enable_state14_pp0_iter6_stage1  |       and|   0|  0|   2|           1|           1|
    |ap_enable_state15_pp0_iter7_stage0  |       and|   0|  0|   2|           1|           1|
    |ap_enable_state16_pp0_iter7_stage1  |       and|   0|  0|   2|           1|           1|
    |ap_enable_state8_pp0_iter3_stage1   |       and|   0|  0|   2|           1|           1|
    |ap_enable_state9_pp0_iter4_stage0   |       and|   0|  0|   2|           1|           1|
    |jj_fu_282_p2                        |       and|   0|  0|  10|          10|          10|
    |icmp_ln88_fu_198_p2                 |      icmp|   0|  0|  21|          14|          14|
    |icmp_ln92_fu_216_p2                 |      icmp|   0|  0|  19|          11|          12|
    |group_fu_323_p2                     |      lshr|   0|  0|  26|          12|          12|
    |table_step_fu_262_p2                |      lshr|   0|  0|  55|          11|          21|
    |ap_block_pp0                        |        or|   0|  0|   2|           1|           1|
    |or_ln98_fu_351_p2                   |        or|   0|  0|  10|          10|          10|
    |select_ln88_1_fu_308_p3             |    select|   0|  0|   4|           1|           4|
    |select_ln88_2_fu_239_p3             |    select|   0|  0|   4|           1|           4|
    |select_ln88_fu_228_p3               |    select|   0|  0|  11|           1|           1|
    |half_size_fu_252_p2                 |       shl|   0|  0|  24|           1|          11|
    |shl_ln98_fu_329_p2                  |       shl|   0|  0|  26|          12|          12|
    |ap_enable_pp0                       |       xor|   0|  0|   2|           1|           2|
    +------------------------------------+----------+----+---+----+------------+------------+
    |Total                               |          |   0|  0| 560|         338|         330|
    +------------------------------------+----------+----+---+----+------------+------------+

    * Multiplexer: 
    +--------------------------------------+----+-----------+-----+-----------+
    |                 Name                 | LUT| Input Size| Bits| Total Bits|
    +--------------------------------------+----+-----------+-----+-----------+
    |ap_NS_fsm                             |  13|          3|    1|          3|
    |ap_done_int                           |   9|          2|    1|          2|
    |ap_enable_reg_pp0_iter0               |   9|          2|    1|          2|
    |ap_enable_reg_pp0_iter1               |   9|          2|    1|          2|
    |ap_sig_allocacmp_indvar_flatten_load  |   9|          2|   14|         28|
    |ap_sig_allocacmp_k_1_load             |   9|          2|   11|         22|
    |ap_sig_allocacmp_stage_load           |   9|          2|    4|          8|
    |imag_buf_address0_local               |  13|          3|   11|         33|
    |imag_buf_address1_local               |  13|          3|   11|         33|
    |imag_buf_d1_local                     |  13|          3|   32|         96|
    |indvar_flatten_fu_76                  |   9|          2|   14|         28|
    |k_1_fu_68                             |   9|          2|   11|         22|
    |real_buf_address0_local               |  13|          3|   11|         33|
    |real_buf_address1_local               |  13|          3|   11|         33|
    |real_buf_d1_local                     |  13|          3|   32|         96|
    |stage_fu_72                           |   9|          2|    4|          8|
    +--------------------------------------+----+-----------+-----+-----------+
    |Total                                 | 172|         39|  170|        449|
    +--------------------------------------+----+-----------+-----+-----------+

    * Register: 
    +---------------------------------------+----+----+-----+-----------+
    |                  Name                 | FF | LUT| Bits| Const Bits|
    +---------------------------------------+----+----+-----+-----------+
    |add_ln111_reg_668                      |  32|   0|   32|          0|
    |add_ln112_reg_673                      |  32|   0|   32|          0|
    |add_ln88_reg_502                       |  14|   0|   14|          0|
    |ap_CS_fsm                              |   2|   0|    2|          0|
    |ap_done_reg                            |   1|   0|    1|          0|
    |ap_enable_reg_pp0_iter0_reg            |   1|   0|    1|          0|
    |ap_enable_reg_pp0_iter1                |   1|   0|    1|          0|
    |ap_enable_reg_pp0_iter2                |   1|   0|    1|          0|
    |ap_enable_reg_pp0_iter3                |   1|   0|    1|          0|
    |ap_enable_reg_pp0_iter4                |   1|   0|    1|          0|
    |ap_enable_reg_pp0_iter5                |   1|   0|    1|          0|
    |ap_enable_reg_pp0_iter6                |   1|   0|    1|          0|
    |ap_enable_reg_pp0_iter7                |   1|   0|    1|          0|
    |ap_loop_exit_ready_pp0_iter1_reg       |   1|   0|    1|          0|
    |ap_loop_exit_ready_pp0_iter2_reg       |   1|   0|    1|          0|
    |ap_loop_exit_ready_pp0_iter3_reg       |   1|   0|    1|          0|
    |ap_loop_exit_ready_pp0_iter4_reg       |   1|   0|    1|          0|
    |ap_loop_exit_ready_pp0_iter5_reg       |   1|   0|    1|          0|
    |ap_loop_exit_ready_pp0_iter6_reg       |   1|   0|    1|          0|
    |half_size_reg_546                      |  11|   0|   11|          0|
    |icmp_ln88_reg_498                      |   1|   0|    1|          0|
    |icmp_ln92_reg_518                      |   1|   0|    1|          0|
    |idx2_reg_578                           |  11|   0|   11|          0|
    |idx_reg_572                            |  11|   0|   11|          0|
    |imag_buf_addr_1_reg_650                |  11|   0|   11|          0|
    |imag_buf_addr_1_reg_650_pp0_iter7_reg  |  11|   0|   11|          0|
    |imag_buf_addr_reg_604                  |  11|   0|   11|          0|
    |indvar_flatten_fu_76                   |  14|   0|   14|          0|
    |jj_reg_556                             |  10|   0|   10|          0|
    |k_1_fu_68                              |  11|   0|   11|          0|
    |k_1_load_reg_507                       |  11|   0|   11|          0|
    |mul_ln101_reg_583                      |  10|   0|   10|          0|
    |real_buf_addr_1_reg_644                |  11|   0|   11|          0|
    |real_buf_addr_1_reg_644_pp0_iter7_reg  |  11|   0|   11|          0|
    |real_buf_addr_reg_598                  |  11|   0|   11|          0|
    |reg_172                                |  32|   0|   32|          0|
    |reg_176                                |  32|   0|   32|          0|
    |select_ln88_2_reg_541                  |   4|   0|    4|          0|
    |select_ln88_reg_531                    |  11|   0|   11|          0|
    |stage_13_reg_525                       |   4|   0|    4|          0|
    |stage_1_mid1_reg_536                   |   4|   0|    4|          0|
    |stage_fu_72                            |   4|   0|    4|          0|
    |stage_load_reg_512                     |   4|   0|    4|          0|
    |ti_reg_662                             |  32|   0|   32|          0|
    |tmp_reg_567                            |   1|   0|    1|          0|
    |tr_reg_656                             |  32|   0|   32|          0|
    |trunc_ln101_reg_551                    |  10|   0|   10|          0|
    |trunc_ln98_reg_562                     |  10|   0|   10|          0|
    |wi_reg_615                             |  17|   0|   17|          0|
    |wr_reg_610                             |  18|   0|   18|          0|
    |half_size_reg_546                      |  64|  32|   11|          0|
    |idx_reg_572                            |  64|  32|   11|          0|
    |imag_buf_addr_reg_604                  |  64|  32|   11|          0|
    |real_buf_addr_reg_598                  |  64|  32|   11|          0|
    +---------------------------------------+----+----+-----+-----------+
    |Total                                  | 723| 128|  511|          0|
    +---------------------------------------+----+----+-----+-----------+



================================================================
== Interface
================================================================
* Summary: 
+-------------------+-----+-----+------------+------------------------------------------+--------------+
|     RTL Ports     | Dir | Bits|  Protocol  |               Source Object              |    C Type    |
+-------------------+-----+-----+------------+------------------------------------------+--------------+
|ap_clk             |   in|    1|  ap_ctrl_hs|  cfu_hls_Pipeline_FFT_STAGE_FFT_BUTTERFLY|  return value|
|ap_start           |   in|    1|  ap_ctrl_hs|  cfu_hls_Pipeline_FFT_STAGE_FFT_BUTTERFLY|  return value|
|ap_done            |  out|    1|  ap_ctrl_hs|  cfu_hls_Pipeline_FFT_STAGE_FFT_BUTTERFLY|  return value|
|ap_idle            |  out|    1|  ap_ctrl_hs|  cfu_hls_Pipeline_FFT_STAGE_FFT_BUTTERFLY|  return value|
|ap_ready           |  out|    1|  ap_ctrl_hs|  cfu_hls_Pipeline_FFT_STAGE_FFT_BUTTERFLY|  return value|
|real_buf_address0  |  out|   11|   ap_memory|                                  real_buf|         array|
|real_buf_ce0       |  out|    1|   ap_memory|                                  real_buf|         array|
|real_buf_q0        |   in|   32|   ap_memory|                                  real_buf|         array|
|real_buf_address1  |  out|   11|   ap_memory|                                  real_buf|         array|
|real_buf_ce1       |  out|    1|   ap_memory|                                  real_buf|         array|
|real_buf_we1       |  out|    1|   ap_memory|                                  real_buf|         array|
|real_buf_d1        |  out|   32|   ap_memory|                                  real_buf|         array|
|imag_buf_address0  |  out|   11|   ap_memory|                                  imag_buf|         array|
|imag_buf_ce0       |  out|    1|   ap_memory|                                  imag_buf|         array|
|imag_buf_q0        |   in|   32|   ap_memory|                                  imag_buf|         array|
|imag_buf_address1  |  out|   11|   ap_memory|                                  imag_buf|         array|
|imag_buf_ce1       |  out|    1|   ap_memory|                                  imag_buf|         array|
|imag_buf_we1       |  out|    1|   ap_memory|                                  imag_buf|         array|
|imag_buf_d1        |  out|   32|   ap_memory|                                  imag_buf|         array|
+-------------------+-----+-----+------------+------------------------------------------+--------------+

